class C1<region P> {
    
    C1() {
        super();
    }
    region r;
    C1<r> field;
    
    void m1() {
        field = new C1<r>();
        C1<P> local = new C1<P>();
    }
}
class C2<T, region P> {
    
    C2() {
        super();
    }
    region r;
    C2<T, r> field;
    
    void m1() {
        field = new C2<T, r>();
        C2<T, P> local = new C2<T, P>();
    }
}
class C3<region P1, P2> {
    
    C3() {
        super();
    }
    region r1;
}
class C4<region P1, P2 in C4.r1:* | P1 # P2> {
    
    C4() {
        super();
    }
    region r1;
}